// Jest Snapshot v1, https://goo.gl/fbAQLP

exports[`<WelcomeScreen /> renders properly 1`] = `
<View
  accessibilityIgnoresInvertColors={true}
  style={
    Object {
      "alignItems": "center",
      "flex": 1,
      "justifyContent": "flex-end",
    }
  }
>
  <Image
    blurRadius={5}
    source={1}
    style={
      Array [
        Object {
          "bottom": 0,
          "left": 0,
          "position": "absolute",
          "right": 0,
          "top": 0,
        },
        Object {
          "height": undefined,
          "width": undefined,
        },
        undefined,
      ]
    }
  />
  <View
    style={
      Object {
        "alignItems": "center",
        "position": "absolute",
        "top": 75,
      }
    }
  >
    <Image
      source={1}
      style={
        Object {
          "height": 100,
          "width": 100,
        }
      }
    />
    <Text
      style={
        Array [
          Object {
            "color": "#0c0c0c",
            "fontFamily": "Avenir",
            "fontSize": 18,
          },
          Object {
            "fontSize": 20,
            "fontWeight": "600",
            "paddingVertical": 20,
          },
        ]
      }
    >
      Tag Line
    </Text>
  </View>
  <View
    style={
      Object {
        "padding": 20,
        "width": "100%",
      }
    }
  >
    <View
      accessible={true}
      focusable={true}
      onClick={[Function]}
      onResponderGrant={[Function]}
      onResponderMove={[Function]}
      onResponderRelease={[Function]}
      onResponderTerminate={[Function]}
      onResponderTerminationRequest={[Function]}
      onStartShouldSetResponder={[Function]}
      style={
        Object {
          "alignItems": "center",
          "backgroundColor": "#fc5c65",
          "borderRadius": 25,
          "justifyContent": "center",
          "marginVertical": 10,
          "opacity": 1,
          "padding": 15,
          "width": "100%",
        }
      }
    >
      <Text
        style={
          Object {
            "color": "#fff",
            "fontSize": 18,
            "fontWeight": "bold",
            "textTransform": "uppercase",
          }
        }
      >
        Login
      </Text>
    </View>
    <View
      accessible={true}
      focusable={true}
      onClick={[Function]}
      onResponderGrant={[Function]}
      onResponderMove={[Function]}
      onResponderRelease={[Function]}
      onResponderTerminate={[Function]}
      onResponderTerminationRequest={[Function]}
      onStartShouldSetResponder={[Function]}
      style={
        Object {
          "alignItems": "center",
          "backgroundColor": "#4ecdc4",
          "borderRadius": 25,
          "justifyContent": "center",
          "marginVertical": 10,
          "opacity": 1,
          "padding": 15,
          "width": "100%",
        }
      }
    >
      <Text
        style={
          Object {
            "color": "#fff",
            "fontSize": 18,
            "fontWeight": "bold",
            "textTransform": "uppercase",
          }
        }
      >
        Register
      </Text>
    </View>
  </View>
</View>
`;
